Dec 10 12:33:01 server sshd[123]: Failed password for root from 192.168.1.50 port 22 ssh2
Dec 10 12:33:04 server sshd[123]: Failed password for root from 192.168.1.50 port 22 ssh2
Dec 10 14:00:00 server sshd[124]: Failed password for admin from 10.0.0.5 port 22 ssh2